timestamp=2026-07-29 21:14:40
+------------------------------------------------------------------------------------------------+
| npu-smi 25.2.3                   Version: 25.2.3                                               |
+---------------------------+---------------+----------------------------------------------------+
| NPU   Name                | Health        | Power(W)    Temp(C)           Hugepages-Usage(page)|
| Chip                      | Bus-Id        | AICore(%)   Memory-Usage(MB)  HBM-Usage(MB)        |
+===========================+===============+====================================================+
| 0     910B4-1             | OK            | 91.8        34                0    / 0             |
| 0                         | 0000:C1:00.0  | 0           0    / 0          3422 / 65536         |
+===========================+===============+====================================================+
| 1     910B4-1             | OK            | 89.8        32                0    / 0             |
| 0                         | 0000:C2:00.0  | 0           0    / 0          3413 / 65536         |
+===========================+===============+====================================================+
| 2     910B4-1             | OK            | 85.1        32                0    / 0             |
| 0                         | 0000:81:00.0  | 0           0    / 0          3410 / 65536         |
+===========================+===============+====================================================+
| 3     910B4-1             | OK            | 89.2        33                0    / 0             |
| 0                         | 0000:82:00.0  | 0           0    / 0          3413 / 65536         |
+===========================+===============+====================================================+
| 4     910B4-1             | OK            | 92.2        37                0    / 0             |
| 0                         | 0000:01:00.0  | 0           0    / 0          58804/ 65536         |
+===========================+===============+====================================================+
| 5     910B4-1             | OK            | 87.0        38                0    / 0             |
| 0                         | 0000:02:00.0  | 0           0    / 0          58539/ 65536         |
+===========================+===============+====================================================+
| 6     910B4-1             | OK            | 90.7        35                0    / 0             |
| 0                         | 0000:41:00.0  | 0           0    / 0          59874/ 65536         |
+===========================+===============+====================================================+
| 7     910B4-1             | OK            | 90.3        36                0    / 0             |
| 0                         | 0000:42:00.0  | 0           0    / 0          59875/ 65536         |
+===========================+===============+====================================================+
+---------------------------+---------------+----------------------------------------------------+
| NPU     Chip              | Process id    | Process name             | Process memory(MB)      |
+===========================+===============+====================================================+
| No running processes found in NPU 0                                                            |
+===========================+===============+====================================================+
| No running processes found in NPU 1                                                            |
+===========================+===============+====================================================+
| No running processes found in NPU 2                                                            |
+===========================+===============+====================================================+
| No running processes found in NPU 3                                                            |
+===========================+===============+====================================================+
| 4       0                 | 3107012       | VLLMWorker               | 55437                   |
+===========================+===============+====================================================+
| 5       0                 | 3107007       | VLLMWorker               | 55175                   |
+===========================+===============+====================================================+
| 6       0                 | 3107008       | VLLMWorker               | 56515                   |
+===========================+===============+====================================================+
| 7       0                 | 3107009       | VLLMWorker               | 56517                   |
+===========================+===============+====================================================+
timestamp=2026-07-29 21:14:44
+------------------------------------------------------------------------------------------------+
| npu-smi 25.2.3                   Version: 25.2.3                                               |
+---------------------------+---------------+----------------------------------------------------+
| NPU   Name                | Health        | Power(W)    Temp(C)           Hugepages-Usage(page)|
| Chip                      | Bus-Id        | AICore(%)   Memory-Usage(MB)  HBM-Usage(MB)        |
+===========================+===============+====================================================+
| 0     910B4-1             | OK            | 91.4        34                0    / 0             |
| 0                         | 0000:C1:00.0  | 0           0    / 0          3422 / 65536         |
+===========================+===============+====================================================+
| 1     910B4-1             | OK            | 89.9        32                0    / 0             |
| 0                         | 0000:C2:00.0  | 0           0    / 0          3414 / 65536         |
+===========================+===============+====================================================+
| 2     910B4-1             | OK            | 85.0        32                0    / 0             |
| 0                         | 0000:81:00.0  | 0           0    / 0          3411 / 65536         |
+===========================+===============+====================================================+
| 3     910B4-1             | OK            | 89.1        33                0    / 0             |
| 0                         | 0000:82:00.0  | 0           0    / 0          3413 / 65536         |
+===========================+===============+====================================================+
| 4     910B4-1             | OK            | 92.2        37                0    / 0             |
| 0                         | 0000:01:00.0  | 0           0    / 0          58803/ 65536         |
+===========================+===============+====================================================+
| 5     910B4-1             | OK            | 87.0        38                0    / 0             |
| 0                         | 0000:02:00.0  | 0           0    / 0          58539/ 65536         |
+===========================+===============+====================================================+
| 6     910B4-1             | OK            | 90.7        35                0    / 0             |
| 0                         | 0000:41:00.0  | 0           0    / 0          59874/ 65536         |
+===========================+===============+====================================================+
| 7     910B4-1             | OK            | 90.3        36                0    / 0             |
| 0                         | 0000:42:00.0  | 0           0    / 0          59876/ 65536         |
+===========================+===============+====================================================+
+---------------------------+---------------+----------------------------------------------------+
| NPU     Chip              | Process id    | Process name             | Process memory(MB)      |
+===========================+===============+====================================================+
| No running processes found in NPU 0                                                            |
+===========================+===============+====================================================+
| No running processes found in NPU 1                                                            |
+===========================+===============+====================================================+
| No running processes found in NPU 2                                                            |
+===========================+===============+====================================================+
| No running processes found in NPU 3                                                            |
+===========================+===============+====================================================+
| 4       0                 | 3107012       | VLLMWorker               | 55437                   |
+===========================+===============+====================================================+
| 5       0                 | 3107007       | VLLMWorker               | 55175                   |
+===========================+===============+====================================================+
| 6       0                 | 3107008       | VLLMWorker               | 56515                   |
+===========================+===============+====================================================+
| 7       0                 | 3107009       | VLLMWorker               | 56517                   |
+===========================+===============+====================================================+
timestamp=2026-07-29 21:14:48
+------------------------------------------------------------------------------------------------+
| npu-smi 25.2.3                   Version: 25.2.3                                               |
+---------------------------+---------------+----------------------------------------------------+
| NPU   Name                | Health        | Power(W)    Temp(C)           Hugepages-Usage(page)|
| Chip                      | Bus-Id        | AICore(%)   Memory-Usage(MB)  HBM-Usage(MB)        |
+===========================+===============+====================================================+
| 0     910B4-1             | OK            | 91.6        34                0    / 0             |
| 0                         | 0000:C1:00.0  | 0           0    / 0          3422 / 65536         |
+===========================+===============+====================================================+
| 1     910B4-1             | OK            | 89.8        32                0    / 0             |
| 0                         | 0000:C2:00.0  | 0           0    / 0          3414 / 65536         |
+===========================+===============+====================================================+
| 2     910B4-1             | OK            | 85.0        32                0    / 0             |
| 0                         | 0000:81:00.0  | 0           0    / 0          3410 / 65536         |
+===========================+===============+====================================================+
| 3     910B4-1             | OK            | 89.2        33                0    / 0             |
| 0                         | 0000:82:00.0  | 0           0    / 0          3413 / 65536         |
+===========================+===============+====================================================+
| 4     910B4-1             | OK            | 92.2        37                0    / 0             |
| 0                         | 0000:01:00.0  | 0           0    / 0          58804/ 65536         |
+===========================+===============+====================================================+
| 5     910B4-1             | OK            | 87.0        38                0    / 0             |
| 0                         | 0000:02:00.0  | 0           0    / 0          58539/ 65536         |
+===========================+===============+====================================================+
| 6     910B4-1             | OK            | 90.6        35                0    / 0             |
| 0                         | 0000:41:00.0  | 0           0    / 0          59874/ 65536         |
+===========================+===============+====================================================+
| 7     910B4-1             | OK            | 90.5        36                0    / 0             |
| 0                         | 0000:42:00.0  | 0           0    / 0          59876/ 65536         |
+===========================+===============+====================================================+
+---------------------------+---------------+----------------------------------------------------+
| NPU     Chip              | Process id    | Process name             | Process memory(MB)      |
+===========================+===============+====================================================+
| No running processes found in NPU 0                                                            |
+===========================+===============+====================================================+
| No running processes found in NPU 1                                                            |
+===========================+===============+====================================================+
| No running processes found in NPU 2                                                            |
+===========================+===============+====================================================+
| No running processes found in NPU 3                                                            |
+===========================+===============+====================================================+
| 4       0                 | 3107012       | VLLMWorker               | 55437                   |
+===========================+===============+====================================================+
| 5       0                 | 3107007       | VLLMWorker               | 55175                   |
+===========================+===============+====================================================+
| 6       0                 | 3107008       | VLLMWorker               | 56515                   |
+===========================+===============+====================================================+
| 7       0                 | 3107009       | VLLMWorker               | 56517                   |
+===========================+===============+====================================================+
timestamp=2026-07-29 21:14:52
+------------------------------------------------------------------------------------------------+
| npu-smi 25.2.3                   Version: 25.2.3                                               |
+---------------------------+---------------+----------------------------------------------------+
| NPU   Name                | Health        | Power(W)    Temp(C)           Hugepages-Usage(page)|
| Chip                      | Bus-Id        | AICore(%)   Memory-Usage(MB)  HBM-Usage(MB)        |
+===========================+===============+====================================================+
| 0     910B4-1             | OK            | 91.8        34                0    / 0             |
| 0                         | 0000:C1:00.0  | 0           0    / 0          3422 / 65536         |
+===========================+===============+====================================================+
| 1     910B4-1             | OK            | 89.9        32                0    / 0             |
| 0                         | 0000:C2:00.0  | 0           0    / 0          3414 / 65536         |
+===========================+===============+====================================================+
| 2     910B4-1             | OK            | 85.1        32                0    / 0             |
| 0                         | 0000:81:00.0  | 0           0    / 0          3411 / 65536         |
+===========================+===============+====================================================+
| 3     910B4-1             | OK            | 89.1        33                0    / 0             |
| 0                         | 0000:82:00.0  | 0           0    / 0          3413 / 65536         |
+===========================+===============+====================================================+
| 4     910B4-1             | OK            | 92.4        37                0    / 0             |
| 0                         | 0000:01:00.0  | 0           0    / 0          58804/ 65536         |
+===========================+===============+====================================================+
| 5     910B4-1             | OK            | 87.0        38                0    / 0             |
| 0                         | 0000:02:00.0  | 0           0    / 0          58539/ 65536         |
+===========================+===============+====================================================+
| 6     910B4-1             | OK            | 90.8        36                0    / 0             |
| 0                         | 0000:41:00.0  | 0           0    / 0          59873/ 65536         |
+===========================+===============+====================================================+
| 7     910B4-1             | OK            | 90.4        36                0    / 0             |
| 0                         | 0000:42:00.0  | 0           0    / 0          59876/ 65536         |
+===========================+===============+====================================================+
+---------------------------+---------------+----------------------------------------------------+
| NPU     Chip              | Process id    | Process name             | Process memory(MB)      |
+===========================+===============+====================================================+
| No running processes found in NPU 0                                                            |
+===========================+===============+====================================================+
| No running processes found in NPU 1                                                            |
+===========================+===============+====================================================+
| No running processes found in NPU 2                                                            |
+===========================+===============+====================================================+
| No running processes found in NPU 3                                                            |
+===========================+===============+====================================================+
| 4       0                 | 3107012       | VLLMWorker               | 55437                   |
+===========================+===============+====================================================+
| 5       0                 | 3107007       | VLLMWorker               | 55175                   |
+===========================+===============+====================================================+
| 6       0                 | 3107008       | VLLMWorker               | 56515                   |
+===========================+===============+====================================================+
| 7       0                 | 3107009       | VLLMWorker               | 56517                   |
+===========================+===============+====================================================+
timestamp=2026-07-29 21:14:57
+------------------------------------------------------------------------------------------------+
| npu-smi 25.2.3                   Version: 25.2.3                                               |
+---------------------------+---------------+----------------------------------------------------+
| NPU   Name                | Health        | Power(W)    Temp(C)           Hugepages-Usage(page)|
| Chip                      | Bus-Id        | AICore(%)   Memory-Usage(MB)  HBM-Usage(MB)        |
+===========================+===============+====================================================+
| 0     910B4-1             | OK            | 91.7        34                0    / 0             |
| 0                         | 0000:C1:00.0  | 0           0    / 0          3422 / 65536         |
+===========================+===============+====================================================+
| 1     910B4-1             | OK            | 89.8        32                0    / 0             |
| 0                         | 0000:C2:00.0  | 0           0    / 0          3414 / 65536         |
+===========================+===============+====================================================+
| 2     910B4-1             | OK            | 85.1        32                0    / 0             |
| 0                         | 0000:81:00.0  | 0           0    / 0          3411 / 65536         |
+===========================+===============+====================================================+
| 3     910B4-1             | OK            | 89.2        33                0    / 0             |
| 0                         | 0000:82:00.0  | 0           0    / 0          3413 / 65536         |
+===========================+===============+====================================================+
| 4     910B4-1             | OK            | 92.2        37                0    / 0             |
| 0                         | 0000:01:00.0  | 0           0    / 0          58804/ 65536         |
+===========================+===============+====================================================+
| 5     910B4-1             | OK            | 86.9        38                0    / 0             |
| 0                         | 0000:02:00.0  | 0           0    / 0          58539/ 65536         |
+===========================+===============+====================================================+
| 6     910B4-1             | OK            | 90.8        35                0    / 0             |
| 0                         | 0000:41:00.0  | 0           0    / 0          59874/ 65536         |
+===========================+===============+====================================================+
| 7     910B4-1             | OK            | 90.3        36                0    / 0             |
| 0                         | 0000:42:00.0  | 0           0    / 0          59876/ 65536         |
+===========================+===============+====================================================+
+---------------------------+---------------+----------------------------------------------------+
| NPU     Chip              | Process id    | Process name             | Process memory(MB)      |
+===========================+===============+====================================================+
| No running processes found in NPU 0                                                            |
+===========================+===============+====================================================+
| No running processes found in NPU 1                                                            |
+===========================+===============+====================================================+
| No running processes found in NPU 2                                                            |
+===========================+===============+====================================================+
| No running processes found in NPU 3                                                            |
+===========================+===============+====================================================+
| 4       0                 | 3107012       | VLLMWorker               | 55437                   |
+===========================+===============+====================================================+
| 5       0                 | 3107007       | VLLMWorker               | 55175                   |
+===========================+===============+====================================================+
| 6       0                 | 3107008       | VLLMWorker               | 56515                   |
+===========================+===============+====================================================+
| 7       0                 | 3107009       | VLLMWorker               | 56517                   |
+===========================+===============+====================================================+
timestamp=2026-07-29 21:15:01
+------------------------------------------------------------------------------------------------+
| npu-smi 25.2.3                   Version: 25.2.3                                               |
+---------------------------+---------------+----------------------------------------------------+
| NPU   Name                | Health        | Power(W)    Temp(C)           Hugepages-Usage(page)|
| Chip                      | Bus-Id        | AICore(%)   Memory-Usage(MB)  HBM-Usage(MB)        |
+===========================+===============+====================================================+
| 0     910B4-1             | OK            | 91.9        34                0    / 0             |
| 0                         | 0000:C1:00.0  | 0           0    / 0          3422 / 65536         |
+===========================+===============+====================================================+
| 1     910B4-1             | OK            | 89.8        32                0    / 0             |
| 0                         | 0000:C2:00.0  | 0           0    / 0          3414 / 65536         |
+===========================+===============+====================================================+
| 2     910B4-1             | OK            | 85.0        32                0    / 0             |
| 0                         | 0000:81:00.0  | 0           0    / 0          3410 / 65536         |
+===========================+===============+====================================================+
| 3     910B4-1             | OK            | 89.1        33                0    / 0             |
| 0                         | 0000:82:00.0  | 0           0    / 0          3413 / 65536         |
+===========================+===============+====================================================+
| 4     910B4-1             | OK            | 92.2        37                0    / 0             |
| 0                         | 0000:01:00.0  | 0           0    / 0          58804/ 65536         |
+===========================+===============+====================================================+
| 5     910B4-1             | OK            | 87.0        38                0    / 0             |
| 0                         | 0000:02:00.0  | 0           0    / 0          58539/ 65536         |
+===========================+===============+====================================================+
| 6     910B4-1             | OK            | 90.7        36                0    / 0             |
| 0                         | 0000:41:00.0  | 0           0    / 0          59873/ 65536         |
+===========================+===============+====================================================+
| 7     910B4-1             | OK            | 90.4        36                0    / 0             |
| 0                         | 0000:42:00.0  | 0           0    / 0          59875/ 65536         |
+===========================+===============+====================================================+
+---------------------------+---------------+----------------------------------------------------+
| NPU     Chip              | Process id    | Process name             | Process memory(MB)      |
+===========================+===============+====================================================+
| No running processes found in NPU 0                                                            |
+===========================+===============+====================================================+
| No running processes found in NPU 1                                                            |
+===========================+===============+====================================================+
| No running processes found in NPU 2                                                            |
+===========================+===============+====================================================+
| No running processes found in NPU 3                                                            |
+===========================+===============+====================================================+
| 4       0                 | 3107012       | VLLMWorker               | 55437                   |
+===========================+===============+====================================================+
| 5       0                 | 3107007       | VLLMWorker               | 55175                   |
+===========================+===============+====================================================+
| 6       0                 | 3107008       | VLLMWorker               | 56515                   |
+===========================+===============+====================================================+
| 7       0                 | 3107009       | VLLMWorker               | 56517                   |
+===========================+===============+====================================================+
timestamp=2026-07-29 21:15:05
+------------------------------------------------------------------------------------------------+
| npu-smi 25.2.3                   Version: 25.2.3                                               |
+---------------------------+---------------+----------------------------------------------------+
| NPU   Name                | Health        | Power(W)    Temp(C)           Hugepages-Usage(page)|
| Chip                      | Bus-Id        | AICore(%)   Memory-Usage(MB)  HBM-Usage(MB)        |
+===========================+===============+====================================================+
| 0     910B4-1             | OK            | 91.5        34                0    / 0             |
| 0                         | 0000:C1:00.0  | 0           0    / 0          3422 / 65536         |
+===========================+===============+====================================================+
| 1     910B4-1             | OK            | 89.9        32                0    / 0             |
| 0                         | 0000:C2:00.0  | 0           0    / 0          3414 / 65536         |
+===========================+===============+====================================================+
| 2     910B4-1             | OK            | 85.0        32                0    / 0             |
| 0                         | 0000:81:00.0  | 0           0    / 0          3411 / 65536         |
+===========================+===============+====================================================+
| 3     910B4-1             | OK            | 89.2        33                0    / 0             |
| 0                         | 0000:82:00.0  | 0           0    / 0          3413 / 65536         |
+===========================+===============+====================================================+
| 4     910B4-1             | OK            | 92.4        37                0    / 0             |
| 0                         | 0000:01:00.0  | 0           0    / 0          58804/ 65536         |
+===========================+===============+====================================================+
| 5     910B4-1             | OK            | 86.9        38                0    / 0             |
| 0                         | 0000:02:00.0  | 0           0    / 0          58539/ 65536         |
+===========================+===============+====================================================+
| 6     910B4-1             | OK            | 90.7        36                0    / 0             |
| 0                         | 0000:41:00.0  | 0           0    / 0          59874/ 65536         |
+===========================+===============+====================================================+
| 7     910B4-1             | OK            | 90.3        36                0    / 0             |
| 0                         | 0000:42:00.0  | 0           0    / 0          59876/ 65536         |
+===========================+===============+====================================================+
+---------------------------+---------------+----------------------------------------------------+
| NPU     Chip              | Process id    | Process name             | Process memory(MB)      |
+===========================+===============+====================================================+
| No running processes found in NPU 0                                                            |
+===========================+===============+====================================================+
| No running processes found in NPU 1                                                            |
+===========================+===============+====================================================+
| No running processes found in NPU 2                                                            |
+===========================+===============+====================================================+
| No running processes found in NPU 3                                                            |
+===========================+===============+====================================================+
| 4       0                 | 3107012       | VLLMWorker               | 55437                   |
+===========================+===============+====================================================+
| 5       0                 | 3107007       | VLLMWorker               | 55175                   |
+===========================+===============+====================================================+
| 6       0                 | 3107008       | VLLMWorker               | 56515                   |
+===========================+===============+====================================================+
| 7       0                 | 3107009       | VLLMWorker               | 56517                   |
+===========================+===============+====================================================+
timestamp=2026-07-29 21:15:09
+------------------------------------------------------------------------------------------------+
| npu-smi 25.2.3                   Version: 25.2.3                                               |
+---------------------------+---------------+----------------------------------------------------+
| NPU   Name                | Health        | Power(W)    Temp(C)           Hugepages-Usage(page)|
| Chip                      | Bus-Id        | AICore(%)   Memory-Usage(MB)  HBM-Usage(MB)        |
+===========================+===============+====================================================+
| 0     910B4-1             | OK            | 91.5        34                0    / 0             |
| 0                         | 0000:C1:00.0  | 0           0    / 0          3422 / 65536         |
+===========================+===============+====================================================+
| 1     910B4-1             | OK            | 89.7        32                0    / 0             |
| 0                         | 0000:C2:00.0  | 0           0    / 0          3413 / 65536         |
+===========================+===============+====================================================+
| 2     910B4-1             | OK            | 85.1        32                0    / 0             |
| 0                         | 0000:81:00.0  | 0           0    / 0          3410 / 65536         |
+===========================+===============+====================================================+
| 3     910B4-1             | OK            | 89.2        33                0    / 0             |
| 0                         | 0000:82:00.0  | 0           0    / 0          3413 / 65536         |
+===========================+===============+====================================================+
| 4     910B4-1             | OK            | 92.2        37                0    / 0             |
| 0                         | 0000:01:00.0  | 0           0    / 0          58804/ 65536         |
+===========================+===============+====================================================+
| 5     910B4-1             | OK            | 87.0        38                0    / 0             |
| 0                         | 0000:02:00.0  | 0           0    / 0          58539/ 65536         |
+===========================+===============+====================================================+
| 6     910B4-1             | OK            | 90.6        35                0    / 0             |
| 0                         | 0000:41:00.0  | 0           0    / 0          59874/ 65536         |
+===========================+===============+====================================================+
| 7     910B4-1             | OK            | 90.4        36                0    / 0             |
| 0                         | 0000:42:00.0  | 0           0    / 0          59876/ 65536         |
+===========================+===============+====================================================+
+---------------------------+---------------+----------------------------------------------------+
| NPU     Chip              | Process id    | Process name             | Process memory(MB)      |
+===========================+===============+====================================================+
| No running processes found in NPU 0                                                            |
+===========================+===============+====================================================+
| No running processes found in NPU 1                                                            |
+===========================+===============+====================================================+
| No running processes found in NPU 2                                                            |
+===========================+===============+====================================================+
| No running processes found in NPU 3                                                            |
+===========================+===============+====================================================+
| 4       0                 | 3107012       | VLLMWorker               | 55437                   |
+===========================+===============+====================================================+
| 5       0                 | 3107007       | VLLMWorker               | 55175                   |
+===========================+===============+====================================================+
| 6       0                 | 3107008       | VLLMWorker               | 56515                   |
+===========================+===============+====================================================+
| 7       0                 | 3107009       | VLLMWorker               | 56517                   |
+===========================+===============+====================================================+
